// Bun Snapshot v1, https://bun.sh/docs/test/snapshots

exports[`category details fetches 1`] = `
{
  "canonical": {
    "href": "http://www.clips4sale.com/clips/category/4/BONDAGE",
  },
  "category": {
    "clean_name": "bondage",
    "id": 4,
    "link": "/clips/category/4/BONDAGE",
    "name": "Bondage",
    "pill": null,
    "search_link": "/clips/search/category/4/clipsPage/1",
    "store_link": null,
    "thumb": null,
    "total_clips": null,
    "translations": null,
  },
  "categoryAvailablePreferencePills": [
    1,
    2,
    3,
    5,
  ],
  "contentPreferencePills": [
    "1",
    "2",
    "3",
    "5",
  ],
  "description": {
    "bottom": null,
    "top": {
      "category": {
        "clean_name": "bondage",
        "id": 4,
        "link": "/clips/search/category/4/storesPage/1/clipsPage/1",
        "name": "Bondage",
        "pill": null,
        "search_link": "/clips/search/category/4/storesPage/1/clipsPage/1",
        "store_link": null,
        "thumb": null,
        "total_clips": null,
        "translations": null,
      },
      "content": "In this seductively perilous realm, the line between torment and pleasure blurs into oblivion. These bondage porn videos are not merely clips; they are carefully curated episodes of desire and domination, each frame a celebration of the darkest, deepest facets of kink. Here, every tug on a rope, every stifled cry is part of a larger, electrifying narrative of surrender. Indulge in this intensely stimulating collection, where each submission, each helpless plea is an invitation to explore the exhilarating dynamics of power, control, and irresistibly forbidden ecstasy.",
      "font_color": "#e2e8f0",
      "font_size": "12px",
      "is_html": false,
      "meta_data": {
        "header_one": null,
        "header_three": null,
        "header_two": null,
        "meta_description": null,
        "meta_title": null,
      },
    },
  },
  "hrefLang": {
    "href": "http://www.clips4sale.com/clips/category/4/BONDAGE",
  },
  "id": "4",
  "isAgeVerificationRequired": false,
  "isContentPreferenceLGBT": false,
  "meta": {
    "author": "Clips4Sale.com",
    "copyright": "https://www.clips4sale.com 2026",
    "description": "Best Straight / Gay / Lesbian / Trans Bondage Videos | Check out the best clips in the Bondage at Clips4sale today!",
    "engine": "Clips4Sale",
    "image": null,
    "image_alt": null,
    "keywords": "",
    "location": null,
    "og_description": null,
    "og_url": null,
    "revision": "1.2",
    "robots": null,
    "title": "Straight / Gay / Lesbian / Trans Bondage Porn Tube Video Clips | Clips4sale",
    "twitter_card": null,
    "twitter_site": null,
  },
  "selectedOrientations": [
    0,
    1,
    2,
    3,
    4,
    5,
  ],
}
`;
